DEBUG:root:2023-12-13 22:50:03 - Введенный ответ: 1
DEBUG:root:2023-12-13 22:50:03 - -------ТЕСТ 1-------
DEBUG:root:2023-12-13 22:50:03 - Вопрос 1: На каком этапе разработки ПО выполняется описание алгоритмов?
1) Детальное проектирование
2) Разработка архитектуры системы
3) Создание плана разработки
DEBUG:root:2023-12-13 22:50:10 - Введенный ответ на вопрос 1: 1
DEBUG:root:2023-12-13 22:50:10 - Ответ верный.
DEBUG:root:2023-12-13 22:50:10 - Вопрос 2: Технический долг не является следствием чего?
1) Отсутствия документации
2) Отсутствия тестов
3) Сильного зацепления компонентов
4) Все ответы неверные
DEBUG:root:2023-12-13 22:50:27 - Введенный ответ на вопрос 2: 4
DEBUG:root:2023-12-13 22:50:27 - Ответ верный.
DEBUG:root:2023-12-13 22:50:27 - Вопрос 3: Трансцендентный взгляд на качество гласит: Качество это то, что лучше подходит пользователю в контексте применения.
1) Верно
2) Неверно
DEBUG:root:2023-12-13 22:50:28 - Введенный ответ на вопрос 3: 1
DEBUG:root:2023-12-13 22:50:28 - Ответ верный.
DEBUG:root:2023-12-13 22:50:28 - Вопрос 4: Тестирование, основанное на анализе внутренней структуры компонента или системы - это тестирование методом?
1) Черного ящика
2) Серого ящика
3) Белого ящика
DEBUG:root:2023-12-13 22:50:31 - Введенный ответ на вопрос 4: 5
DEBUG:root:2023-12-13 22:50:31 - Ошибка: введен неверный номер варианта.
DEBUG:root:2023-12-13 22:50:34 - Введенный ответ на вопрос 4: 1
DEBUG:root:2023-12-13 22:50:34 - Неверно! Правильный ответ: 3
DEBUG:root:2023-12-13 22:50:34 - Вопрос 5: Рефакторинг нужен когда?
1) Программа медленно работает
2) Программа нуждается в новой функциональности
3) Программа нуждается в улучшении архитектуры
DEBUG:root:2023-12-13 22:50:37 - Введенный ответ на вопрос 5: 2
DEBUG:root:2023-12-13 22:50:37 - Неверно! Правильный ответ: 3
DEBUG:root:2023-12-13 22:50:37 - Результат: 3 из 5 правильных ответов.
DEBUG:root:2023-12-13 22:50:37 - Выполнение теста: 60.0%
DEBUG:root:2023-12-13 22:50:37 - -------КОНЕЦ 1 ТЕСТА------
DEBUG:root:2023-12-13 22:50:44 - Введенный ответ: да
DEBUG:root:2023-12-13 22:50:44 - -------ТЕСТ 2-------
DEBUG:root:2023-12-13 22:50:44 - Вопрос 1: ['Критерием качества программы, определяющим соответствие результатов программы ее спецификации, является?\n1) Надежность\n2) Эффективность\n3) Эргономичность \n4) Корректность', 'Технический долг не является следствием чего?\n1) Линейной\n2) Циклической\n3) Ветвления', 'Переменная, изменяющаясвое значение при каждом вхождении в цикл, называется\n1) Телом цикла\n2) Параметром цикла\n3) Индексом \n4) Размером', 'Понятное  и точное предписание исполнителю выполнить конечную последовательность команд, приводящую от исходных данных к искомому результату, называется\n1) Моделью\n2) Алгоритмом\n3) Системой\n4) Технологией', 'Алгоритмом можно назвать\n1) Описание решения квадратного уравнения\n2) Расписание уроков в колледже\n3) Технический паспорт автомобиля\n4) Список группы в журнале', 'Многократно повторяющаяся часть алгоритма  называется\n1) Параметром цикла\n2) Телом цикла\n3) Перебором', 'Технический долг не является следствием чего?\n1) sng\n2) int\n3) str']
DEBUG:root:2023-12-13 22:50:58 - Введенный ответ на вопрос 1: 4
DEBUG:root:2023-12-13 22:50:58 - Ответ верный.
DEBUG:root:2023-12-13 22:50:58 - Вопрос 2: ['Критерием качества программы, определяющим соответствие результатов программы ее спецификации, является?\n1) Надежность\n2) Эффективность\n3) Эргономичность \n4) Корректность', 'Технический долг не является следствием чего?\n1) Линейной\n2) Циклической\n3) Ветвления', 'Переменная, изменяющаясвое значение при каждом вхождении в цикл, называется\n1) Телом цикла\n2) Параметром цикла\n3) Индексом \n4) Размером', 'Понятное  и точное предписание исполнителю выполнить конечную последовательность команд, приводящую от исходных данных к искомому результату, называется\n1) Моделью\n2) Алгоритмом\n3) Системой\n4) Технологией', 'Алгоритмом можно назвать\n1) Описание решения квадратного уравнения\n2) Расписание уроков в колледже\n3) Технический паспорт автомобиля\n4) Список группы в журнале', 'Многократно повторяющаяся часть алгоритма  называется\n1) Параметром цикла\n2) Телом цикла\n3) Перебором', 'Технический долг не является следствием чего?\n1) sng\n2) int\n3) str']
DEBUG:root:2023-12-13 22:50:59 - Введенный ответ на вопрос 2: 1
DEBUG:root:2023-12-13 22:50:59 - Неверно! Правильный ответ: 2
DEBUG:root:2023-12-13 22:51:00 - Вопрос 3: ['Критерием качества программы, определяющим соответствие результатов программы ее спецификации, является?\n1) Надежность\n2) Эффективность\n3) Эргономичность \n4) Корректность', 'Технический долг не является следствием чего?\n1) Линейной\n2) Циклической\n3) Ветвления', 'Переменная, изменяющаясвое значение при каждом вхождении в цикл, называется\n1) Телом цикла\n2) Параметром цикла\n3) Индексом \n4) Размером', 'Понятное  и точное предписание исполнителю выполнить конечную последовательность команд, приводящую от исходных данных к искомому результату, называется\n1) Моделью\n2) Алгоритмом\n3) Системой\n4) Технологией', 'Алгоритмом можно назвать\n1) Описание решения квадратного уравнения\n2) Расписание уроков в колледже\n3) Технический паспорт автомобиля\n4) Список группы в журнале', 'Многократно повторяющаяся часть алгоритма  называется\n1) Параметром цикла\n2) Телом цикла\n3) Перебором', 'Технический долг не является следствием чего?\n1) sng\n2) int\n3) str']
DEBUG:root:2023-12-13 22:51:02 - Введенный ответ на вопрос 3: 1
DEBUG:root:2023-12-13 22:51:02 - Неверно! Правильный ответ: 3
DEBUG:root:2023-12-13 22:51:02 - Вопрос 4: ['Критерием качества программы, определяющим соответствие результатов программы ее спецификации, является?\n1) Надежность\n2) Эффективность\n3) Эргономичность \n4) Корректность', 'Технический долг не является следствием чего?\n1) Линейной\n2) Циклической\n3) Ветвления', 'Переменная, изменяющаясвое значение при каждом вхождении в цикл, называется\n1) Телом цикла\n2) Параметром цикла\n3) Индексом \n4) Размером', 'Понятное  и точное предписание исполнителю выполнить конечную последовательность команд, приводящую от исходных данных к искомому результату, называется\n1) Моделью\n2) Алгоритмом\n3) Системой\n4) Технологией', 'Алгоритмом можно назвать\n1) Описание решения квадратного уравнения\n2) Расписание уроков в колледже\n3) Технический паспорт автомобиля\n4) Список группы в журнале', 'Многократно повторяющаяся часть алгоритма  называется\n1) Параметром цикла\n2) Телом цикла\n3) Перебором', 'Технический долг не является следствием чего?\n1) sng\n2) int\n3) str']
DEBUG:root:2023-12-13 22:51:03 - Введенный ответ на вопрос 4: 2
DEBUG:root:2023-12-13 22:51:03 - Ответ верный.
DEBUG:root:2023-12-13 22:51:03 - Вопрос 5: ['Критерием качества программы, определяющим соответствие результатов программы ее спецификации, является?\n1) Надежность\n2) Эффективность\n3) Эргономичность \n4) Корректность', 'Технический долг не является следствием чего?\n1) Линейной\n2) Циклической\n3) Ветвления', 'Переменная, изменяющаясвое значение при каждом вхождении в цикл, называется\n1) Телом цикла\n2) Параметром цикла\n3) Индексом \n4) Размером', 'Понятное  и точное предписание исполнителю выполнить конечную последовательность команд, приводящую от исходных данных к искомому результату, называется\n1) Моделью\n2) Алгоритмом\n3) Системой\n4) Технологией', 'Алгоритмом можно назвать\n1) Описание решения квадратного уравнения\n2) Расписание уроков в колледже\n3) Технический паспорт автомобиля\n4) Список группы в журнале', 'Многократно повторяющаяся часть алгоритма  называется\n1) Параметром цикла\n2) Телом цикла\n3) Перебором', 'Технический долг не является следствием чего?\n1) sng\n2) int\n3) str']
DEBUG:root:2023-12-13 22:51:04 - Введенный ответ на вопрос 5: 1
DEBUG:root:2023-12-13 22:51:04 - Ответ верный.
DEBUG:root:2023-12-13 22:51:04 - Вопрос 6: ['Критерием качества программы, определяющим соответствие результатов программы ее спецификации, является?\n1) Надежность\n2) Эффективность\n3) Эргономичность \n4) Корректность', 'Технический долг не является следствием чего?\n1) Линейной\n2) Циклической\n3) Ветвления', 'Переменная, изменяющаясвое значение при каждом вхождении в цикл, называется\n1) Телом цикла\n2) Параметром цикла\n3) Индексом \n4) Размером', 'Понятное  и точное предписание исполнителю выполнить конечную последовательность команд, приводящую от исходных данных к искомому результату, называется\n1) Моделью\n2) Алгоритмом\n3) Системой\n4) Технологией', 'Алгоритмом можно назвать\n1) Описание решения квадратного уравнения\n2) Расписание уроков в колледже\n3) Технический паспорт автомобиля\n4) Список группы в журнале', 'Многократно повторяющаяся часть алгоритма  называется\n1) Параметром цикла\n2) Телом цикла\n3) Перебором', 'Технический долг не является следствием чего?\n1) sng\n2) int\n3) str']
DEBUG:root:2023-12-13 22:51:05 - Введенный ответ на вопрос 6: 2
DEBUG:root:2023-12-13 22:51:05 - Ответ верный.
DEBUG:root:2023-12-13 22:51:05 - Вопрос 7: ['Критерием качества программы, определяющим соответствие результатов программы ее спецификации, является?\n1) Надежность\n2) Эффективность\n3) Эргономичность \n4) Корректность', 'Технический долг не является следствием чего?\n1) Линейной\n2) Циклической\n3) Ветвления', 'Переменная, изменяющаясвое значение при каждом вхождении в цикл, называется\n1) Телом цикла\n2) Параметром цикла\n3) Индексом \n4) Размером', 'Понятное  и точное предписание исполнителю выполнить конечную последовательность команд, приводящую от исходных данных к искомому результату, называется\n1) Моделью\n2) Алгоритмом\n3) Системой\n4) Технологией', 'Алгоритмом можно назвать\n1) Описание решения квадратного уравнения\n2) Расписание уроков в колледже\n3) Технический паспорт автомобиля\n4) Список группы в журнале', 'Многократно повторяющаяся часть алгоритма  называется\n1) Параметром цикла\n2) Телом цикла\n3) Перебором', 'Технический долг не является следствием чего?\n1) sng\n2) int\n3) str']
DEBUG:root:2023-12-13 22:51:07 - Введенный ответ на вопрос 7: 3
DEBUG:root:2023-12-13 22:51:07 - Неверно! Правильный ответ: 2
DEBUG:root:2023-12-13 22:51:07 - Результат: 4 из 7 правильных ответов.
DEBUG:root:2023-12-13 22:51:07 - Выполнение теста: 57.14%
DEBUG:root:2023-12-13 22:51:07 - -------КОНЕЦ 2 ТЕСТА------
DEBUG:root:2023-12-13 22:51:31 - Введенный ответ: 5
DEBUG:root:2023-12-13 22:51:31 - Ошибка: введен неверный вариант.
DEBUG:root:2023-12-13 22:51:36 - Введенный ответ: 2
DEBUG:root:2023-12-13 22:51:36 - -------ТЕСТ 2-------
DEBUG:root:2023-12-13 22:51:36 - Вопрос 1: ['Критерием качества программы, определяющим соответствие результатов программы ее спецификации, является?\n1) Надежность\n2) Эффективность\n3) Эргономичность \n4) Корректность', 'Технический долг не является следствием чего?\n1) Линейной\n2) Циклической\n3) Ветвления', 'Переменная, изменяющаясвое значение при каждом вхождении в цикл, называется\n1) Телом цикла\n2) Параметром цикла\n3) Индексом \n4) Размером', 'Понятное  и точное предписание исполнителю выполнить конечную последовательность команд, приводящую от исходных данных к искомому результату, называется\n1) Моделью\n2) Алгоритмом\n3) Системой\n4) Технологией', 'Алгоритмом можно назвать\n1) Описание решения квадратного уравнения\n2) Расписание уроков в колледже\n3) Технический паспорт автомобиля\n4) Список группы в журнале', 'Многократно повторяющаяся часть алгоритма  называется\n1) Параметром цикла\n2) Телом цикла\n3) Перебором', 'Технический долг не является следствием чего?\n1) sng\n2) int\n3) str']
DEBUG:root:2023-12-13 22:51:37 - Введенный ответ на вопрос 1: 6
DEBUG:root:2023-12-13 22:51:37 - Ошибка: введен неверный номер варианта.
DEBUG:root:2023-12-13 22:51:42 - Введенный ответ на вопрос 1: 1
DEBUG:root:2023-12-13 22:51:42 - Неверно! Правильный ответ: 4
DEBUG:root:2023-12-13 22:51:42 - Вопрос 2: ['Критерием качества программы, определяющим соответствие результатов программы ее спецификации, является?\n1) Надежность\n2) Эффективность\n3) Эргономичность \n4) Корректность', 'Технический долг не является следствием чего?\n1) Линейной\n2) Циклической\n3) Ветвления', 'Переменная, изменяющаясвое значение при каждом вхождении в цикл, называется\n1) Телом цикла\n2) Параметром цикла\n3) Индексом \n4) Размером', 'Понятное  и точное предписание исполнителю выполнить конечную последовательность команд, приводящую от исходных данных к искомому результату, называется\n1) Моделью\n2) Алгоритмом\n3) Системой\n4) Технологией', 'Алгоритмом можно назвать\n1) Описание решения квадратного уравнения\n2) Расписание уроков в колледже\n3) Технический паспорт автомобиля\n4) Список группы в журнале', 'Многократно повторяющаяся часть алгоритма  называется\n1) Параметром цикла\n2) Телом цикла\n3) Перебором', 'Технический долг не является следствием чего?\n1) sng\n2) int\n3) str']
DEBUG:root:2023-12-13 22:51:45 - Введенный ответ на вопрос 2: 3
DEBUG:root:2023-12-13 22:51:45 - Неверно! Правильный ответ: 2
DEBUG:root:2023-12-13 22:51:45 - Вопрос 3: ['Критерием качества программы, определяющим соответствие результатов программы ее спецификации, является?\n1) Надежность\n2) Эффективность\n3) Эргономичность \n4) Корректность', 'Технический долг не является следствием чего?\n1) Линейной\n2) Циклической\n3) Ветвления', 'Переменная, изменяющаясвое значение при каждом вхождении в цикл, называется\n1) Телом цикла\n2) Параметром цикла\n3) Индексом \n4) Размером', 'Понятное  и точное предписание исполнителю выполнить конечную последовательность команд, приводящую от исходных данных к искомому результату, называется\n1) Моделью\n2) Алгоритмом\n3) Системой\n4) Технологией', 'Алгоритмом можно назвать\n1) Описание решения квадратного уравнения\n2) Расписание уроков в колледже\n3) Технический паспорт автомобиля\n4) Список группы в журнале', 'Многократно повторяющаяся часть алгоритма  называется\n1) Параметром цикла\n2) Телом цикла\n3) Перебором', 'Технический долг не является следствием чего?\n1) sng\n2) int\n3) str']
DEBUG:root:2023-12-13 22:51:45 - Введенный ответ на вопрос 3: 5
DEBUG:root:2023-12-13 22:51:45 - Ошибка: введен неверный номер варианта.
DEBUG:root:2023-12-13 22:51:46 - Введенный ответ на вопрос 3: 4
DEBUG:root:2023-12-13 22:51:46 - Неверно! Правильный ответ: 3
DEBUG:root:2023-12-13 22:51:46 - Вопрос 4: ['Критерием качества программы, определяющим соответствие результатов программы ее спецификации, является?\n1) Надежность\n2) Эффективность\n3) Эргономичность \n4) Корректность', 'Технический долг не является следствием чего?\n1) Линейной\n2) Циклической\n3) Ветвления', 'Переменная, изменяющаясвое значение при каждом вхождении в цикл, называется\n1) Телом цикла\n2) Параметром цикла\n3) Индексом \n4) Размером', 'Понятное  и точное предписание исполнителю выполнить конечную последовательность команд, приводящую от исходных данных к искомому результату, называется\n1) Моделью\n2) Алгоритмом\n3) Системой\n4) Технологией', 'Алгоритмом можно назвать\n1) Описание решения квадратного уравнения\n2) Расписание уроков в колледже\n3) Технический паспорт автомобиля\n4) Список группы в журнале', 'Многократно повторяющаяся часть алгоритма  называется\n1) Параметром цикла\n2) Телом цикла\n3) Перебором', 'Технический долг не является следствием чего?\n1) sng\n2) int\n3) str']
DEBUG:root:2023-12-13 22:51:49 - Введенный ответ на вопрос 4: 1
DEBUG:root:2023-12-13 22:51:49 - Неверно! Правильный ответ: 2
DEBUG:root:2023-12-13 22:51:49 - Вопрос 5: ['Критерием качества программы, определяющим соответствие результатов программы ее спецификации, является?\n1) Надежность\n2) Эффективность\n3) Эргономичность \n4) Корректность', 'Технический долг не является следствием чего?\n1) Линейной\n2) Циклической\n3) Ветвления', 'Переменная, изменяющаясвое значение при каждом вхождении в цикл, называется\n1) Телом цикла\n2) Параметром цикла\n3) Индексом \n4) Размером', 'Понятное  и точное предписание исполнителю выполнить конечную последовательность команд, приводящую от исходных данных к искомому результату, называется\n1) Моделью\n2) Алгоритмом\n3) Системой\n4) Технологией', 'Алгоритмом можно назвать\n1) Описание решения квадратного уравнения\n2) Расписание уроков в колледже\n3) Технический паспорт автомобиля\n4) Список группы в журнале', 'Многократно повторяющаяся часть алгоритма  называется\n1) Параметром цикла\n2) Телом цикла\n3) Перебором', 'Технический долг не является следствием чего?\n1) sng\n2) int\n3) str']
DEBUG:root:2023-12-13 22:51:50 - Введенный ответ на вопрос 5: 2
DEBUG:root:2023-12-13 22:51:50 - Неверно! Правильный ответ: 1
DEBUG:root:2023-12-13 22:51:50 - Вопрос 6: ['Критерием качества программы, определяющим соответствие результатов программы ее спецификации, является?\n1) Надежность\n2) Эффективность\n3) Эргономичность \n4) Корректность', 'Технический долг не является следствием чего?\n1) Линейной\n2) Циклической\n3) Ветвления', 'Переменная, изменяющаясвое значение при каждом вхождении в цикл, называется\n1) Телом цикла\n2) Параметром цикла\n3) Индексом \n4) Размером', 'Понятное  и точное предписание исполнителю выполнить конечную последовательность команд, приводящую от исходных данных к искомому результату, называется\n1) Моделью\n2) Алгоритмом\n3) Системой\n4) Технологией', 'Алгоритмом можно назвать\n1) Описание решения квадратного уравнения\n2) Расписание уроков в колледже\n3) Технический паспорт автомобиля\n4) Список группы в журнале', 'Многократно повторяющаяся часть алгоритма  называется\n1) Параметром цикла\n2) Телом цикла\n3) Перебором', 'Технический долг не является следствием чего?\n1) sng\n2) int\n3) str']
DEBUG:root:2023-12-13 22:51:51 - Введенный ответ на вопрос 6: 1
DEBUG:root:2023-12-13 22:51:51 - Неверно! Правильный ответ: 2
DEBUG:root:2023-12-13 22:51:51 - Вопрос 7: ['Критерием качества программы, определяющим соответствие результатов программы ее спецификации, является?\n1) Надежность\n2) Эффективность\n3) Эргономичность \n4) Корректность', 'Технический долг не является следствием чего?\n1) Линейной\n2) Циклической\n3) Ветвления', 'Переменная, изменяющаясвое значение при каждом вхождении в цикл, называется\n1) Телом цикла\n2) Параметром цикла\n3) Индексом \n4) Размером', 'Понятное  и точное предписание исполнителю выполнить конечную последовательность команд, приводящую от исходных данных к искомому результату, называется\n1) Моделью\n2) Алгоритмом\n3) Системой\n4) Технологией', 'Алгоритмом можно назвать\n1) Описание решения квадратного уравнения\n2) Расписание уроков в колледже\n3) Технический паспорт автомобиля\n4) Список группы в журнале', 'Многократно повторяющаяся часть алгоритма  называется\n1) Параметром цикла\n2) Телом цикла\n3) Перебором', 'Технический долг не является следствием чего?\n1) sng\n2) int\n3) str']
DEBUG:root:2023-12-13 22:51:54 - Введенный ответ на вопрос 7: 1
DEBUG:root:2023-12-13 22:51:54 - Неверно! Правильный ответ: 2
DEBUG:root:2023-12-13 22:51:54 - Результат: 0 из 7 правильных ответов.
DEBUG:root:2023-12-13 22:51:54 - Выполнение теста: 0.0%
DEBUG:root:2023-12-13 22:51:54 - -------КОНЕЦ 2 ТЕСТА------
DEBUG:root:2023-12-13 22:51:58 - Введенный ответ: нет
